--------------------------
Unfinished tests:
taskgrind,"micro-benchmarks/DRB002-antidep1-var-yes.c",8,all,1
taskgrind,"micro-benchmarks/DRB003-antidep2-orig-yes.c",all,all,5
taskgrind,"micro-benchmarks/DRB004-antidep2-var-yes.c",all,all,5
taskgrind,"micro-benchmarks/DRB005-indirectaccess1-orig-yes.c",all,all,5
taskgrind,"micro-benchmarks/DRB006-indirectaccess2-orig-yes.c",all,all,5
taskgrind,"micro-benchmarks/DRB007-indirectaccess3-orig-yes.c",all,all,5
taskgrind,"micro-benchmarks/DRB008-indirectaccess4-orig-yes.c",all,all,5
taskgrind,"micro-benchmarks/DRB009-lastprivatemissing-orig-yes.c",all,all,5
taskgrind,"micro-benchmarks/DRB010-lastprivatemissing-var-yes.c",all,all,5
taskgrind,"micro-benchmarks/DRB011-minusminus-orig-yes.c",all,all,5
taskgrind,"micro-benchmarks/DRB012-minusminus-var-yes.c",all,all,5
taskgrind,"micro-benchmarks/DRB013-nowait-orig-yes.c",all,all,5
taskgrind,"micro-benchmarks/DRB014-outofbounds-orig-yes.c",all,all,5
taskgrind,"micro-benchmarks/DRB015-outofbounds-var-yes.c",all,all,5
taskgrind,"micro-benchmarks/DRB016-outputdep-orig-yes.c",all,all,5
taskgrind,"micro-benchmarks/DRB017-outputdep-var-yes.c",all,all,5
taskgrind,"micro-benchmarks/DRB018-plusplus-orig-yes.c",all,all,5
taskgrind,"micro-benchmarks/DRB019-plusplus-var-yes.c",all,all,5
taskgrind,"micro-benchmarks/DRB020-privatemissing-var-yes.c",all,all,5
taskgrind,"micro-benchmarks/DRB021-reductionmissing-orig-yes.c",all,all,5
taskgrind,"micro-benchmarks/DRB022-reductionmissing-var-yes.c",all,all,5
taskgrind,"micro-benchmarks/DRB023-sections1-orig-yes.c",all,all,5
taskgrind,"micro-benchmarks/DRB024-simdtruedep-orig-yes.c",all,all,5
taskgrind,"micro-benchmarks/DRB025-simdtruedep-var-yes.c",all,all,5
taskgrind,"micro-benchmarks/DRB026-targetparallelfor-orig-yes.c",all,all,5
taskgrind,"micro-benchmarks/DRB027-taskdependmissing-orig-yes.c",all,all,5
taskgrind,"micro-benchmarks/DRB028-privatemissing-orig-yes.c",all,all,5
taskgrind,"micro-benchmarks/DRB029-truedep1-orig-yes.c",all,all,5
taskgrind,"micro-benchmarks/DRB030-truedep1-var-yes.c",all,all,5
taskgrind,"micro-benchmarks/DRB031-truedepfirstdimension-orig-yes.c",all,all,5
taskgrind,"micro-benchmarks/DRB032-truedepfirstdimension-var-yes.c",all,all,5
taskgrind,"micro-benchmarks/DRB033-truedeplinear-orig-yes.c",all,all,5
taskgrind,"micro-benchmarks/DRB034-truedeplinear-var-yes.c",all,all,5
taskgrind,"micro-benchmarks/DRB035-truedepscalar-orig-yes.c",all,all,5
taskgrind,"micro-benchmarks/DRB036-truedepscalar-var-yes.c",all,all,5
taskgrind,"micro-benchmarks/DRB037-truedepseconddimension-orig-yes.c",all,all,5
taskgrind,"micro-benchmarks/DRB038-truedepseconddimension-var-yes.c",all,all,5
taskgrind,"micro-benchmarks/DRB039-truedepsingleelement-orig-yes.c",all,all,5
taskgrind,"micro-benchmarks/DRB040-truedepsingleelement-var-yes.c",all,all,5
taskgrind,"micro-benchmarks/DRB041-3mm-parallel-no.c",all,all,5
taskgrind,"micro-benchmarks/DRB042-3mm-tile-no.c",all,all,5
taskgrind,"micro-benchmarks/DRB043-adi-parallel-no.c",all,all,5
taskgrind,"micro-benchmarks/DRB044-adi-tile-no.c",all,all,5
taskgrind,"micro-benchmarks/DRB045-doall1-orig-no.c",all,all,5
taskgrind,"micro-benchmarks/DRB046-doall2-orig-no.c",all,all,5
taskgrind,"micro-benchmarks/DRB047-doallchar-orig-no.c",all,all,5
taskgrind,"micro-benchmarks/DRB048-firstprivate-orig-no.c",all,all,5
taskgrind,"micro-benchmarks/DRB049-fprintf-orig-no.c",all,all,5
taskgrind,"micro-benchmarks/DRB050-functionparameter-orig-no.c",all,all,5
taskgrind,"micro-benchmarks/DRB051-getthreadnum-orig-no.c",all,all,5
taskgrind,"micro-benchmarks/DRB052-indirectaccesssharebase-orig-no.c",all,all,5
taskgrind,"micro-benchmarks/DRB053-inneronly1-orig-no.c",all,all,5
taskgrind,"micro-benchmarks/DRB054-inneronly2-orig-no.c",all,all,5
taskgrind,"micro-benchmarks/DRB055-jacobi2d-parallel-no.c",all,all,5
taskgrind,"micro-benchmarks/DRB056-jacobi2d-tile-no.c",all,all,5
taskgrind,"micro-benchmarks/DRB057-jacobiinitialize-orig-no.c",all,all,5
taskgrind,"micro-benchmarks/DRB058-jacobikernel-orig-no.c",all,all,5
taskgrind,"micro-benchmarks/DRB059-lastprivate-orig-no.c",all,all,5
taskgrind,"micro-benchmarks/DRB060-matrixmultiply-orig-no.c",all,all,5
taskgrind,"micro-benchmarks/DRB061-matrixvector1-orig-no.c",all,all,5
taskgrind,"micro-benchmarks/DRB062-matrixvector2-orig-no.c",all,all,5
taskgrind,"micro-benchmarks/DRB063-outeronly1-orig-no.c",all,all,5
taskgrind,"micro-benchmarks/DRB064-outeronly2-orig-no.c",all,all,5
taskgrind,"micro-benchmarks/DRB065-pireduction-orig-no.c",all,all,5
taskgrind,"micro-benchmarks/DRB066-pointernoaliasing-orig-no.c",all,all,5
taskgrind,"micro-benchmarks/DRB067-restrictpointer1-orig-no.c",all,all,5
taskgrind,"micro-benchmarks/DRB068-restrictpointer2-orig-no.c",all,all,5
taskgrind,"micro-benchmarks/DRB069-sectionslock1-orig-no.c",all,all,5
taskgrind,"micro-benchmarks/DRB070-simd1-orig-no.c",all,all,5
taskgrind,"micro-benchmarks/DRB071-targetparallelfor-orig-no.c",all,all,5
taskgrind,"micro-benchmarks/DRB072-taskdep1-orig-no.c",all,all,5
taskgrind,"micro-benchmarks/DRB073-doall2-orig-yes.c",all,all,5
taskgrind,"micro-benchmarks/DRB074-flush-orig-yes.c",all,all,5
taskgrind,"micro-benchmarks/DRB075-getthreadnum-orig-yes.c",all,all,5
taskgrind,"micro-benchmarks/DRB076-flush-orig-no.c",all,all,5
taskgrind,"micro-benchmarks/DRB077-single-orig-no.c",all,all,5
taskgrind,"micro-benchmarks/DRB078-taskdep2-orig-no.c",all,all,5
taskgrind,"micro-benchmarks/DRB079-taskdep3-orig-no.c",all,all,5
taskgrind,"micro-benchmarks/DRB080-func-arg-orig-yes.c",all,all,5
taskgrind,"micro-benchmarks/DRB081-func-arg-orig-no.c",all,all,5
taskgrind,"micro-benchmarks/DRB082-declared-in-func-orig-yes.c",all,all,5
taskgrind,"micro-benchmarks/DRB083-declared-in-func-orig-no.c",all,all,5
taskgrind,"micro-benchmarks/DRB084-threadprivatemissing-orig-yes.c",all,all,5
taskgrind,"micro-benchmarks/DRB085-threadprivate-orig-no.c",all,all,5
taskgrind,"micro-benchmarks/DRB088-dynamic-storage-orig-yes.c",all,all,5
taskgrind,"micro-benchmarks/DRB089-dynamic-storage2-orig-yes.c",all,all,5
taskgrind,"micro-benchmarks/DRB090-static-local-orig-yes.c",all,all,5
taskgrind,"micro-benchmarks/DRB091-threadprivate2-orig-no.c",all,all,5
taskgrind,"micro-benchmarks/DRB092-threadprivatemissing2-orig-yes.c",all,all,5
taskgrind,"micro-benchmarks/DRB093-doall2-collapse-orig-no.c",all,all,5
taskgrind,"micro-benchmarks/DRB094-doall2-ordered-orig-no.c",all,all,5
taskgrind,"micro-benchmarks/DRB095-doall2-taskloop-orig-yes.c",all,all,5
taskgrind,"micro-benchmarks/DRB096-doall2-taskloop-collapse-orig-no.c",all,all,5
taskgrind,"micro-benchmarks/DRB097-target-teams-distribute-orig-no.c",all,all,5
taskgrind,"micro-benchmarks/DRB098-simd2-orig-no.c",all,all,5
taskgrind,"micro-benchmarks/DRB099-targetparallelfor2-orig-no.c",all,all,5
taskgrind,"micro-benchmarks/DRB102-copyprivate-orig-no.c",all,all,5
taskgrind,"micro-benchmarks/DRB103-master-orig-no.c",all,all,5
taskgrind,"micro-benchmarks/DRB104-nowait-barrier-orig-no.c",all,all,5
taskgrind,"micro-benchmarks/DRB105-taskwait-orig-no.c",all,all,5
taskgrind,"micro-benchmarks/DRB106-taskwaitmissing-orig-yes.c",all,all,5
taskgrind,"micro-benchmarks/DRB107-taskgroup-orig-no.c",all,all,5
taskgrind,"micro-benchmarks/DRB108-atomic-orig-no.c",all,all,5
taskgrind,"micro-benchmarks/DRB109-orderedmissing-orig-yes.c",all,all,5
taskgrind,"micro-benchmarks/DRB110-ordered-orig-no.c",all,all,5
taskgrind,"micro-benchmarks/DRB111-linearmissing-orig-yes.c",all,all,5
taskgrind,"micro-benchmarks/DRB112-linear-orig-no.c",all,all,5
taskgrind,"micro-benchmarks/DRB113-default-orig-no.c",all,all,5
taskgrind,"micro-benchmarks/DRB114-if-orig-yes.c",all,all,5
taskgrind,"micro-benchmarks/DRB115-forsimd-orig-yes.c",all,all,5
taskgrind,"micro-benchmarks/DRB116-target-teams-orig-yes.c",all,all,5
taskgrind,"micro-benchmarks/DRB117-taskwait-waitonlychild-orig-yes.c",all,all,5
taskgrind,"micro-benchmarks/DRB118-nestlock-orig-no.c",all,all,5
taskgrind,"micro-benchmarks/DRB119-nestlock-orig-yes.c",all,all,5
taskgrind,"micro-benchmarks/DRB120-barrier-orig-no.c",all,all,5
taskgrind,"micro-benchmarks/DRB121-reduction-orig-no.c",all,all,5
taskgrind,"micro-benchmarks/DRB122-taskundeferred-orig-no.c",all,all,5
taskgrind,"micro-benchmarks/DRB123-taskundeferred-orig-yes.c",all,all,5
taskgrind,"micro-benchmarks/DRB124-master-orig-yes.c",all,all,5
taskgrind,"micro-benchmarks/DRB125-single-orig-no.c",all,all,5
taskgrind,"micro-benchmarks/DRB126-firstprivatesections-orig-no.c",all,all,5
taskgrind,"micro-benchmarks/DRB127-tasking-threadprivate1-orig-no.c",all,all,5
taskgrind,"micro-benchmarks/DRB128-tasking-threadprivate2-orig-no.c",all,all,5
taskgrind,"micro-benchmarks/DRB129-mergeable-taskwait-orig-yes.c",all,all,5
taskgrind,"micro-benchmarks/DRB130-mergeable-taskwait-orig-no.c",all,all,5
taskgrind,"micro-benchmarks/DRB131-taskdep4-orig-omp45-yes.c",all,all,5
taskgrind,"micro-benchmarks/DRB132-taskdep4-orig-omp45-no.c",all,all,5
taskgrind,"micro-benchmarks/DRB133-taskdep5-orig-omp45-no.c",all,all,5
taskgrind,"micro-benchmarks/DRB134-taskdep5-orig-omp45-yes.c",all,all,5
taskgrind,"micro-benchmarks/DRB135-taskdep-mutexinoutset-orig-no.c",all,all,5
taskgrind,"micro-benchmarks/DRB136-taskdep-mutexinoutset-orig-yes.c",all,all,5
taskgrind,"micro-benchmarks/DRB137-simdsafelen-orig-no.c",all,all,5
taskgrind,"micro-benchmarks/DRB138-simdsafelen-orig-yes.c",all,all,5
taskgrind,"micro-benchmarks/DRB139-worksharingcritical-orig-no.c",all,all,5
taskgrind,"micro-benchmarks/DRB140-reduction-barrier-orig-yes.c",all,all,5
taskgrind,"micro-benchmarks/DRB141-reduction-barrier-orig-no.c",all,all,5
taskgrind,"micro-benchmarks/DRB142-acquirerelease-orig-yes.c",all,all,5
taskgrind,"micro-benchmarks/DRB143-acquirerelease-orig-no.c",all,all,5
taskgrind,"micro-benchmarks/DRB144-critical-missingreduction-orig-gpu-yes.c",all,all,5
taskgrind,"micro-benchmarks/DRB145-atomiccritical-orig-gpu-no.c",all,all,5
taskgrind,"micro-benchmarks/DRB146-atomicupdate-orig-gpu-no.c",all,all,5
taskgrind,"micro-benchmarks/DRB147-critical1-orig-gpu-no.c",all,all,5
taskgrind,"micro-benchmarks/DRB148-critical1-orig-gpu-yes.c",all,all,5
taskgrind,"micro-benchmarks/DRB149-missingdata1-orig-gpu-no.c",all,all,5
taskgrind,"micro-benchmarks/DRB150-missinglock1-orig-gpu-yes.c",all,all,5
taskgrind,"micro-benchmarks/DRB151-missinglock3-orig-gpu-yes.c",all,all,5
taskgrind,"micro-benchmarks/DRB152-missinglock2-orig-gpu-no.c",all,all,5
taskgrind,"micro-benchmarks/DRB153-missinglock2-orig-gpu-yes.c",all,all,5
taskgrind,"micro-benchmarks/DRB154-missinglock3-orig-gpu-no.c",all,all,5
taskgrind,"micro-benchmarks/DRB155-missingordered-orig-gpu-no.c",all,all,5
taskgrind,"micro-benchmarks/DRB156-missingordered-orig-gpu-yes.c",all,all,5
taskgrind,"micro-benchmarks/DRB157-missingorderedsimd-orig-gpu-yes.c",all,all,5
taskgrind,"micro-benchmarks/DRB158-missingtaskbarrier-orig-gpu-no.c",all,all,5
taskgrind,"micro-benchmarks/DRB159-nobarrier-orig-gpu-no.c",all,all,5
taskgrind,"micro-benchmarks/DRB160-nobarrier-orig-gpu-yes.c",all,all,5
taskgrind,"micro-benchmarks/DRB161-nolocksimd-orig-gpu-yes.c",all,all,5
taskgrind,"micro-benchmarks/DRB162-nolocksimd-orig-gpu-no.c",all,all,5
taskgrind,"micro-benchmarks/DRB163-simdmissinglock1-orig-gpu-no.c",all,all,5
taskgrind,"micro-benchmarks/DRB164-simdmissinglock1-orig-gpu-yes.c",all,all,5
taskgrind,"micro-benchmarks/DRB165-taskdep4-orig-omp50-yes.c",all,all,5
taskgrind,"micro-benchmarks/DRB166-taskdep4-orig-omp50-no.c",all,all,5
taskgrind,"micro-benchmarks/DRB167-taskdep4-orig-omp50-no.c",all,all,5
taskgrind,"micro-benchmarks/DRB168-taskdep5-orig-omp50-yes.c",all,all,5
taskgrind,"micro-benchmarks/DRB169-missingsyncwrite-orig-yes.c",all,all,5
taskgrind,"micro-benchmarks/DRB170-nestedloops-orig-no.c",all,all,5
taskgrind,"micro-benchmarks/DRB171-threadprivate3-orig-no.c",all,all,5
taskgrind,"micro-benchmarks/DRB172-critical2-orig-no.c",all,all,5
taskgrind,"micro-benchmarks/DRB173-non-sibling-taskdep-yes.c",all,all,5
taskgrind,"micro-benchmarks/DRB174-non-sibling-taskdep-no.c",all,all,5
taskgrind,"micro-benchmarks/DRB175-non-sibling-taskdep2-yes.c",all,all,5
taskgrind,"micro-benchmarks/DRB176-fib-taskdep-no.c",all,all,5
taskgrind,"micro-benchmarks/DRB177-fib-taskdep-yes.c",all,all,5
taskgrind,"micro-benchmarks/DRB178-input-dependence-var-yes.c",all,all,5
taskgrind,"micro-benchmarks/DRB179-thread-sensitivity-yes.c",all,all,5
taskgrind,"micro-benchmarks/DRB180-miniAMR-yes.c",all,all,5
taskgrind,"micro-benchmarks/DRB181-SmithWaterman-yes.c",all,all,5
taskgrind,"micro-benchmarks/DRB182-atomic3-no.c",all,all,5
taskgrind,"micro-benchmarks/DRB183-atomic3-yes.c",all,all,5
taskgrind,"micro-benchmarks/DRB184-barrier1-no.c",all,all,5
taskgrind,"micro-benchmarks/DRB185-barrier1-yes.c",all,all,5
taskgrind,"micro-benchmarks/DRB186-barrier2-no.c",all,all,5
taskgrind,"micro-benchmarks/DRB187-barrier2-yes.c",all,all,5
taskgrind,"micro-benchmarks/DRB188-barrier3-no.c",all,all,5
taskgrind,"micro-benchmarks/DRB189-barrier3-yes.c",all,all,5
taskgrind,"micro-benchmarks/DRB190-critical-section2-no.c",all,all,5
taskgrind,"micro-benchmarks/DRB191-critical-section2-yes.c",all,all,5
taskgrind,"micro-benchmarks/DRB192-critical-section3-no.c",all,all,5
taskgrind,"micro-benchmarks/DRB193-critical-section3-yes.c",all,all,5
taskgrind,"micro-benchmarks/DRB194-diffusion1-no.c",all,all,5
taskgrind,"micro-benchmarks/DRB195-diffusion1-yes.c",all,all,5
taskgrind,"micro-benchmarks/DRB196-diffusion2-no.c",all,all,5
taskgrind,"micro-benchmarks/DRB197-diffusion2-yes.c",all,all,5
taskgrind,"micro-benchmarks/DRB198-prodcons-no.c",all,all,5
taskgrind,"micro-benchmarks/DRB199-prodcons-yes.c",all,all,5
taskgrind,"micro-benchmarks/DRB200-sync1-no.c",all,all,5
taskgrind,"micro-benchmarks/DRB201-sync1-yes.c",all,all,5
taskgrind,"micro-benchmarks/DRB202-simd-broadcast-yes.c",all,all,5
taskgrind,"micro-benchmarks/DRB203-simd-broadcast-no.c",all,all,5
taskgrind,"micro-benchmarks/DRB204-simd-gather-yes.c",all,all,5
taskgrind,"micro-benchmarks/DRB205-simd-gatherscatter-no.c",all,all,5
taskgrind,"micro-benchmarks/DRB206-simd-scatter-yes.c",all,all,5
taskgrind,"micro-benchmarks/DRB207-simd-loadstore-yes.c",all,all,5
taskgrind,"micro-benchmarks/DRB208-simd-loadstore-no.c",all,all,5
taskgrind,"micro-benchmarks/DRB086-static-data-member-orig-yes.cpp",all,all,5
taskgrind,"micro-benchmarks/DRB087-static-data-member2-orig-yes.cpp",all,all,5
taskgrind,"micro-benchmarks/DRB100-task-reference-orig-no.cpp",all,all,5
taskgrind,"micro-benchmarks/DRB101-task-value-orig-no.cpp",all,all,5
