*****     Log 1 for DRB001-antidep1-orig-yes.c with 8 threads and input size      *****
==247901== [INFO] Loading OMPT Plugin from /home/pereirar/repos/valgrind/taskgrind/dataracebench/../../.in_place/../taskgrind/runtimes-tools/ompt/build/libtaskgrind_omp.so
==247901== Taskgrind, a debugger for dependent tasks order of execution
==247901== Copyright (C) 2023, and GNU GPL'd, by Romain Pereira et al.
==247901== Using Valgrind-3.22.0.GIT and LibVEX; rerun with -h for copyright info
==247901== Command: ./results/exec/DRB001-antidep1-orig-yes.c.taskgrind.out
==247901== 
==247901== [INFO] Export to dot files disabled
a[500]=502
==247901== 
==247901== [INFO] Starting analysis...
==247901== [INFO] Running E1 pass
==247901== [INFO] Analysis completed.
*****     Log 2 for DRB001-antidep1-orig-yes.c with 8 threads and input size      *****
==247913== [INFO] Loading OMPT Plugin from /home/pereirar/repos/valgrind/taskgrind/dataracebench/../../.in_place/../taskgrind/runtimes-tools/ompt/build/libtaskgrind_omp.so
==247913== Taskgrind, a debugger for dependent tasks order of execution
==247913== Copyright (C) 2023, and GNU GPL'd, by Romain Pereira et al.
==247913== Using Valgrind-3.22.0.GIT and LibVEX; rerun with -h for copyright info
==247913== Command: ./results/exec/DRB001-antidep1-orig-yes.c.taskgrind.out
==247913== 
==247913== [INFO] Export to dot files disabled
a[500]=502
==247913== 
==247913== [INFO] Starting analysis...
==247913== [INFO] Running E1 pass
==247913== [INFO] Analysis completed.
*****     Log 3 for DRB001-antidep1-orig-yes.c with 8 threads and input size      *****
==247925== [INFO] Loading OMPT Plugin from /home/pereirar/repos/valgrind/taskgrind/dataracebench/../../.in_place/../taskgrind/runtimes-tools/ompt/build/libtaskgrind_omp.so
==247925== Taskgrind, a debugger for dependent tasks order of execution
==247925== Copyright (C) 2023, and GNU GPL'd, by Romain Pereira et al.
==247925== Using Valgrind-3.22.0.GIT and LibVEX; rerun with -h for copyright info
==247925== Command: ./results/exec/DRB001-antidep1-orig-yes.c.taskgrind.out
==247925== 
==247925== [INFO] Export to dot files disabled
a[500]=502
==247925== 
==247925== [INFO] Starting analysis...
==247925== [INFO] Running E1 pass
==247925== [INFO] Analysis completed.
*****     Log 4 for DRB001-antidep1-orig-yes.c with 8 threads and input size      *****
==247937== [INFO] Loading OMPT Plugin from /home/pereirar/repos/valgrind/taskgrind/dataracebench/../../.in_place/../taskgrind/runtimes-tools/ompt/build/libtaskgrind_omp.so
==247937== Taskgrind, a debugger for dependent tasks order of execution
==247937== Copyright (C) 2023, and GNU GPL'd, by Romain Pereira et al.
==247937== Using Valgrind-3.22.0.GIT and LibVEX; rerun with -h for copyright info
==247937== Command: ./results/exec/DRB001-antidep1-orig-yes.c.taskgrind.out
==247937== 
==247937== [INFO] Export to dot files disabled
a[500]=502
==247937== 
==247937== [INFO] Starting analysis...
==247937== [INFO] Running E1 pass
==247937== [INFO] Analysis completed.
*****     Log 5 for DRB001-antidep1-orig-yes.c with 8 threads and input size      *****
==247949== [INFO] Loading OMPT Plugin from /home/pereirar/repos/valgrind/taskgrind/dataracebench/../../.in_place/../taskgrind/runtimes-tools/ompt/build/libtaskgrind_omp.so
==247949== Taskgrind, a debugger for dependent tasks order of execution
==247949== Copyright (C) 2023, and GNU GPL'd, by Romain Pereira et al.
==247949== Using Valgrind-3.22.0.GIT and LibVEX; rerun with -h for copyright info
==247949== Command: ./results/exec/DRB001-antidep1-orig-yes.c.taskgrind.out
==247949== 
==247949== [INFO] Export to dot files disabled
a[500]=502
==247949== 
==247949== [INFO] Starting analysis...
==247949== [INFO] Running E1 pass
==247949== [INFO] Analysis completed.
